compile exit code: 0
{
  "prompt_strengthened": false,
  "changed_files": [
    {
      "path": "temp/008《布局锦囊3.0》/index.md",
      "changed": true,
      "ad_spans_removed": 73,
      "heading_changes": 0,
      "examples": [
        {
          "line": 192,
          "kind": "orphan-promo-tail",
          "before": "（5）创业的成功概率很低，创业成功率不到10%！对于新手创业者来说，创业成功率更低！具体更多落地细节，",
          "after": "（5）创业的成功概率很低，创业成功率不到10%！对于新手创业者来说，创业成功率更低！"
        },
        {
          "line": 296,
          "kind": "orphan-promo-tail",
          "before": "核心落地：市调的是否足够全局，掌握的高纬信息是否足够多，说白了，所谓狗屁高纬认知，就是对行业是否足够的了解（俗话说：调研的足够多，足够充分），以及对获得的信息有一个充分的判断和决策，最终决定了我们执行的战略，战术。具体更多落地细节，",
          "after": "核心落地：市调的是否足够全局，掌握的高纬信息是否足够多，说白了，所谓狗屁高纬认知，就是对行业是否足够的了解（俗话说：调研的足够多，足够充分），以及对获得的信息有一个充分的判断和决策，最终决定了我们执行的战略，战术。"
        },
        {
          "line": 397,
          "kind": "orphan-promo-tail",
          "before": "具体更多落地细节，",
          "after": ""
        },
        {
          "line": 443,
          "kind": "orphan-promo-tail",
          "before": "找到人生目标能够创造最持久的幸福感，同时成为所在行业的专家，赚取最丰厚的财富。具体更多落地细节，",
          "after": "找到人生目标能够创造最持久的幸福感，同时成为所在行业的专家，赚取最丰厚的财富。"
        },
        {
          "line": 571,
          "kind": "orphan-promo-tail",
          "before": "具体更多落地细节，",
          "after": ""
        },
        {
          "line": 591,
          "kind": "orphan-promo-tail",
          "before": "具体落地细节，",
          "after": ""
        },
        {
          "line": 684,
          "kind": "orphan-promo-tail",
          "before": "1，过程管理你是否发现很多富裕家庭，父母都是从事管理相关的工作，而穷人家庭的父母更多是普通员工。也就是说：富裕家庭的父母从事的，战略规划，规则制定，执行协调，进度跟踪，结果反馈，向上管理。具体更多落地细节，",
          "after": "1，过程管理你是否发现很多富裕家庭，父母都是从事管理相关的工作，而穷人家庭的父母更多是普通员工。也就是说：富裕家庭的父母从事的，战略规划，规则制定，执行协调，进度跟踪，结果反馈，向上管理。"
        },
        {
          "line": 788,
          "kind": "orphan-promo-tail",
          "before": "我们身边的人也是比比皆是：有些人愿意省吃俭用几个月来买一款包包、一部新出的手机，穷人喜欢及时享乐，因为攒钱投资对他们来说见效太慢了，他们等不及。具体更多落地细节，",
          "after": "我们身边的人也是比比皆是：有些人愿意省吃俭用几个月来买一款包包、一部新出的手机，穷人喜欢及时享乐，因为攒钱投资对他们来说见效太慢了，他们等不及。"
        },
        {
          "line": 900,
          "kind": "orphan-promo-tail",
          "before": "听众们此时才明白，这就是丘吉尔想说的人生智慧，绝不放弃就是他全部的人生信仰。具体更多落地细节，",
          "after": "听众们此时才明白，这就是丘吉尔想说的人生智慧，绝不放弃就是他全部的人生信仰。"
        },
        {
          "line": 959,
          "kind": "orphan-promo-tail",
          "before": "建议培养“目标导向”的思维：好项目永远比钱少，只要目标正确，钱总有办法解决。具体更多落地细节，",
          "after": "建议培养“目标导向”的思维：好项目永远比钱少，只要目标正确，钱总有办法解决。"
        },
        {
          "line": 1119,
          "kind": "orphan-promo-tail",
          "before": "具体更多落地细节，",
          "after": ""
        },
        {
          "line": 1185,
          "kind": "orphan-promo-tail",
          "before": "就是要让别人爱上你的钱。就是要让别人爱上你给的利益。就是要让别人觉得你能给他希望。具体更多落地细节，",
          "after": "就是要让别人爱上你的钱。就是要让别人爱上你给的利益。就是要让别人觉得你能给他希望。"
        }
      ],
      "heading_examples": []
    },
    {
      "path": "temp/009《布局锦囊2.0》/index.md",
      "changed": true,
      "ad_spans_removed": 1,
      "heading_changes": 0,
      "examples": [
        {
          "line": 6926,
          "kind": "public-account-promo",
          "before": "更多落地细节，立刻扫码关注本公众号，为你解答更多实战干货分享。",
          "after": ""
        }
      ],
      "heading_examples": []
    },
    {
      "path": "temp/布局锦囊5.0/index.md",
      "changed": true,
      "ad_spans_removed": 1,
      "heading_changes": 0,
      "examples": [
        {
          "line": 2728,
          "kind": "orphan-promo-tail",
          "before": "【 扑龙仵钜，拉d 裕科 ］ 在局杯，觉系负还得需要： 正确方向就像我们回到开头，你真以为张国立演的地主十年后还能回来？他再厉害，也当不了东家了也不想想 1949 年，啥来了！ 土改； 吃大锅饭的时代．所以说：努力只是基本功，更重要的是时代红利，尤其重要，具体落地细节，",
          "after": "【 扑龙仵钜，拉d 裕科 ］ 在局杯，觉系负还得需要： 正确方向就像我们回到开头，你真以为张国立演的地主十年后还能回来？他再厉害，也当不了东家了也不想想 1949 年，啥来了！ 土改； 吃大锅饭的时代．所以说：努力只是基本功，更重要的是时代红利，尤其重要，"
        }
      ],
      "heading_examples": []
    }
  ],
  "high_confidence_residuals": [],
  "review_candidates": [],
  "heading_jump_files": [
    {
      "path": "temp/《人性天眼》/index.md",
      "examples": [
        {
          "line": 8,
          "previous": 1,
          "level": 3,
          "title": "人性"
        }
      ]
    },
    {
      "path": "temp/《人性宝典2.0》/index.md",
      "examples": [
        {
          "line": 31,
          "previous": 1,
          "level": 3,
          "title": "10、残酷的人性真相：做好事，不留命！ 133"
        }
      ]
    },
    {
      "path": "temp/《人性密码》/index.md",
      "examples": [
        {
          "line": 3,
          "previous": 1,
          "level": 3,
          "title": "人性窋码"
        }
      ]
    },
    {
      "path": "temp/《人性底层模型1.0》/index.md",
      "examples": [
        {
          "line": 75,
          "previous": 1,
          "level": 3,
          "title": "核心的目的，这样的话也就导致了我自己把大量的时间浪费"
        }
      ]
    },
    {
      "path": "temp/《人性底层模型2.0》/index.md",
      "examples": [
        {
          "line": 7,
          "previous": 1,
          "level": 3,
          "title": "三层解释模型 22"
        }
      ]
    },
    {
      "path": "temp/《人性心法》/index.md",
      "examples": [
        {
          "line": 6,
          "previous": 1,
          "level": 3,
          "title": "村西边老王•赚钱有道社群"
        }
      ]
    },
    {
      "path": "temp/《人性心理战》/index.md",
      "examples": [
        {
          "line": 9,
          "previous": 1,
          "level": 3,
          "title": "ICIV上亚洲精能学习中心推荐 URE"
        }
      ]
    },
    {
      "path": "temp/《人性成败拿捏》/index.md",
      "examples": [
        {
          "line": 13,
          "previous": 1,
          "level": 3,
          "title": "第一部分一"
        }
      ]
    },
    {
      "path": "temp/《人性探索大师1》/index.md",
      "examples": [
        {
          "line": 3,
          "previous": 1,
          "level": 3,
          "title": "洞察篇"
        }
      ]
    },
    {
      "path": "temp/《人性探索大师2》/index.md",
      "examples": [
        {
          "line": 3,
          "previous": 1,
          "level": 3,
          "title": "操纵篇"
        }
      ]
    },
    {
      "path": "temp/《人性探索大师3》/index.md",
      "examples": [
        {
          "line": 3,
          "previous": 1,
          "level": 3,
          "title": "调节篇"
        }
      ]
    },
    {
      "path": "temp/《人性智谋36计》/index.md",
      "examples": [
        {
          "line": 6,
          "previous": 1,
          "level": 3,
          "title": "前言"
        }
      ]
    },
    {
      "path": "temp/《人性真相》/index.md",
      "examples": [
        {
          "line": 13,
          "previous": 1,
          "level": 3,
          "title": "为什么人和人之间走得太近，是一场灾难？ .97"
        }
      ]
    },
    {
      "path": "temp/《人性真言》/index.md",
      "examples": [
        {
          "line": 24,
          "previous": 1,
          "level": 3,
          "title": "如何修炼自己的人性？..…. ⋯. 71"
        }
      ]
    },
    {
      "path": "temp/《人性社交思维手册》/index.md",
      "examples": [
        {
          "line": 8,
          "previous": 1,
          "level": 3,
          "title": "人性社交"
        }
      ]
    },
    {
      "path": "temp/《人性纵横说1.0》/index.md",
      "examples": [
        {
          "line": 18,
          "previous": 1,
          "level": 3,
          "title": "人性本质下的“两套规则”！ .47"
        }
      ]
    },
    {
      "path": "temp/《人性背后隐藏的邪恶密码》/index.md",
      "examples": [
        {
          "line": 7,
          "previous": 1,
          "level": 3,
          "title": "26.为什么要保护好自己的能量？ 12"
        }
      ]
    },
    {
      "path": "temp/《人性艺术-内心电影剪辑师》/index.md",
      "examples": [
        {
          "line": 25,
          "previous": 1,
          "level": 3,
          "title": "我意象心理学”没有成效，而是因为它的成效大得使人吃惊。正"
        }
      ]
    },
    {
      "path": "temp/《人性逆袭绝技》/index.md",
      "examples": [
        {
          "line": 21,
          "previous": 1,
          "level": 3,
          "title": "赞功--这样说话，最让别人爽"
        }
      ]
    },
    {
      "path": "temp/《人性错觉控制术》/index.md",
      "examples": [
        {
          "line": 21,
          "previous": 1,
          "level": 3,
          "title": "案例3：吃饭的两种类型 18"
        }
      ]
    },
    {
      "path": "temp/《人性魔鬼手段》/index.md",
      "examples": [
        {
          "line": 6,
          "previous": 1,
          "level": 3,
          "title": "IUR"
        }
      ]
    },
    {
      "path": "temp/《人类欺骗行为解读》/index.md",
      "examples": [
        {
          "line": 9,
          "previous": 1,
          "level": 3,
          "title": "滚石乐队的歌里曾经唱过，“你无法总是心想事成，但是有"
        }
      ]
    },
    {
      "path": "temp/《人脑操控力》/index.md",
      "examples": [
        {
          "line": 38,
          "previous": 1,
          "level": 3,
          "title": "每不知游，从需里教取效型攀电子书"
        }
      ]
    },
    {
      "path": "temp/《冷读术》/index.md",
      "examples": [
        {
          "line": 35,
          "previous": 1,
          "level": 3,
          "title": "近年水，我致力于推广“Ne（我们）的概念，素就其必可越数李计划中就有一个以"
        }
      ]
    },
    {
      "path": "temp/《坏术大师》/index.md",
      "examples": [
        {
          "line": 25,
          "previous": 1,
          "level": 3,
          "title": "39 课：高级坏人怎么忽悠人的？• .8"
        }
      ]
    },
    {
      "path": "temp/《大心机1》/index.md",
      "examples": [
        {
          "line": 6,
          "previous": 1,
          "level": 3,
          "title": "第五节 以变制变，"
        }
      ]
    },
    {
      "path": "temp/《大心机2》/index.md",
      "examples": [
        {
          "line": 3,
          "previous": 1,
          "level": 3,
          "title": "第一节 他的身体在说话"
        }
      ]
    },
    {
      "path": "temp/《天之卷：强者修炼手册》/index.md",
      "examples": [
        {
          "line": 8,
          "previous": 1,
          "level": 3,
          "title": "筷 者修炼手册"
        }
      ]
    },
    {
      "path": "temp/《天机38局》/index.md",
      "examples": [
        {
          "line": 94,
          "previous": 1,
          "level": 3,
          "title": "的数不胜数，切记，识得局中局方可不入局。"
        }
      ]
    },
    {
      "path": "temp/《富人机密手稿》/index.md",
      "examples": [
        {
          "line": 3,
          "previous": 1,
          "level": 3,
          "title": "前言"
        }
      ]
    },
    {
      "path": "temp/《布局系统2.0》/index.md",
      "examples": [
        {
          "line": 4,
          "previous": 1,
          "level": 3,
          "title": "希局系统2.0"
        }
      ]
    },
    {
      "path": "temp/《布局系统》/index.md",
      "examples": [
        {
          "line": 6,
          "previous": 1,
          "level": 3,
          "title": "关宇布局，不为人知的核心思维"
        }
      ]
    },
    {
      "path": "temp/《开窍开悟开智1》/index.md",
      "examples": [
        {
          "line": 23,
          "previous": 1,
          "level": 3,
          "title": "第一部分"
        }
      ]
    },
    {
      "path": "temp/《开窍开悟开智2》/index.md",
      "examples": [
        {
          "line": 7,
          "previous": 1,
          "level": 3,
          "title": "第二节 再难都不要挣工资 …27"
        }
      ]
    },
    {
      "path": "temp/《开窍开智开悟5》.md",
      "examples": [
        {
          "line": 10,
          "previous": 1,
          "level": 3,
          "title": "第三节 社会丛林法则"
        }
      ]
    },
    {
      "path": "temp/《怎样洞察人心》/index.md",
      "examples": [
        {
          "line": 8,
          "previous": 1,
          "level": 3,
          "title": "怎样"
        }
      ]
    },
    {
      "path": "temp/《成长人性》/index.md",
      "examples": [
        {
          "line": 27,
          "previous": 1,
          "level": 3,
          "title": "那么就意味著在整个人类中的成功分为两个方面，一个是外的"
        }
      ]
    },
    {
      "path": "temp/《揭秘男人的人性》/index.md",
      "examples": [
        {
          "line": 91,
          "previous": 1,
          "level": 3,
          "title": "视觉补充"
        }
      ]
    },
    {
      "path": "temp/《洞察人性天机》/index.md",
      "examples": [
        {
          "line": 3,
          "previous": 1,
          "level": 3,
          "title": "序一：为什么有的人飞黄腾达，有的人穷困潦倒"
        }
      ]
    },
    {
      "path": "temp/《社会人心运作手册》/index.md",
      "examples": [
        {
          "line": 16,
          "previous": 1,
          "level": 3,
          "title": "田江是80后，从小就是个“学渣”，读完一个大专好像已经耗尽了他读书的"
        }
      ]
    },
    {
      "path": "temp/《社会人心运作手册》PDF版/index.md",
      "examples": [
        {
          "line": 9,
          "previous": 1,
          "level": 3,
          "title": "阶层路练窗"
        }
      ]
    },
    {
      "path": "temp/《穷人的底层逻辑》/index.md",
      "examples": [
        {
          "line": 34,
          "previous": 1,
          "level": 3,
          "title": "视觉补充"
        }
      ]
    },
    {
      "path": "temp/《红尘修炼手册》/index.md",
      "examples": [
        {
          "line": 7,
          "previous": 1,
          "level": 3,
          "title": "前言"
        }
      ]
    },
    {
      "path": "temp/《红尘纵横1》/index.md",
      "examples": [
        {
          "line": 7,
          "previous": 1,
          "level": 3,
          "title": "！ THE WORLD OF MORTALS"
        }
      ]
    },
    {
      "path": "temp/《红尘纵横2》/index.md",
      "examples": [
        {
          "line": 11,
          "previous": 1,
          "level": 3,
          "title": "M"
        }
      ]
    },
    {
      "path": "temp/《红尘纵横3》/index.md",
      "examples": [
        {
          "line": 207,
          "previous": 1,
          "level": 3,
          "title": "下来的某一节课当中来讲一讲人为什么会发展成现在这样"
        }
      ]
    },
    {
      "path": "temp/《透视人性》/index.md",
      "examples": [
        {
          "line": 445,
          "previous": 1,
          "level": 3,
          "title": "颚吸了两吸，这两声之后，必是自夸或吹年，满脸得色，啧啧两声只"
        }
      ]
    },
    {
      "path": "temp/《阅人高手1》/index.md",
      "examples": [
        {
          "line": 10,
          "previous": 1,
          "level": 3,
          "title": "第 一部分 肯 定 有 适合你的一项"
        }
      ]
    },
    {
      "path": "temp/《零距离人性》/index.md",
      "examples": [
        {
          "line": 138,
          "previous": 1,
          "level": 3,
          "title": "视觉补充"
        }
      ]
    },
    {
      "path": "temp/《高手深度思考的秘密》/index.md",
      "examples": [
        {
          "line": 164,
          "previous": 1,
          "level": 3,
          "title": "视觉补充"
        }
      ]
    },
    {
      "path": "temp/千门谋局上册/index.md",
      "examples": [
        {
          "line": 205,
          "previous": 1,
          "level": 3,
          "title": "1、“管窥心态”"
        }
      ]
    },
    {
      "path": "temp/千门谋局下册/index.md",
      "examples": [
        {
          "line": 11,
          "previous": 1,
          "level": 3,
          "title": "：设局 兵的地方选在和国王办公室正好对着"
        }
      ]
    },
    {
      "path": "temp/布局锦囊5.0/index.md",
      "examples": [
        {
          "line": 8,
          "previous": 1,
          "level": 3,
          "title": "视觉补充"
        }
      ]
    }
  ],
  "errors": [],
  "summary": {
    "markdown_files_scanned": 84,
    "markdown_files_changed": 3,
    "ad_spans_removed": 75,
    "heading_changes": 0,
    "high_confidence_residual_files": 0,
    "review_candidate_files": 0,
    "heading_jump_files": 53,
    "errors": 0
  }
}
cleanup exit code: 0
